{
  "choices": [
    {
      "finish_reason": "eos_token",
      "index": 0,
      "logprobs": null,
      "text": " PR for more information?"
    },
    {
      "finish_reason": "length",
      "index": 1,
      "logprobs": null,
      "text": "le Business Incubator is providing a workspace"
    },
    {
      "finish_reason": "length",
      "index": 2,
      "logprobs": null,
      "text": "hd20220811-"
    },
    {
      "finish_reason": "length",
      "index": 3,
      "logprobs": null,
      "text": " severely flawed and often has a substandard"
    },
    {
      "finish_reason": "length",
      "index": 4,
      "logprobs": null,
      "text": "](https://i.imgur.com/as"
    }
  ],
  "created": 1712862968,
  "id": "",
  "model": "TinyLlama/TinyLlama-1.1B-Chat-v1.0",
  "object": "text_completion",
  "system_fingerprint": "1.4.5-native",
  "usage": {
    "completion_tokens": 46,
    "prompt_tokens": 10,
    "total_tokens": 56
  }
}
