{
  "choices": [
    {
      "finish_reason": "length",
      "index": 0,
      "logprobs": null,
      "message": {
        "content": "Brooklyn, New York, is located in the northeastern part of the state of New York, and its weather is characterized by a mix of humid and temperate climates. The average temperature in Brooklyn during the winter months is around 32째F (0째C) and in the summer months is around 82째F (28째C).\n\nThe city experiences four distinct seasons, with the spring and fall being the most pleasant and",
        "name": null,
        "role": "assistant",
        "tool_calls": null
      },
      "usage": null
    }
  ],
  "created": 1725383598,
  "id": "",
  "model": "TinyLlama/TinyLlama-1.1B-Chat-v1.0",
  "object": "chat.completion",
  "system_fingerprint": "2.2.1-dev0-native",
  "usage": {
    "completion_tokens": 100,
    "prompt_tokens": 61,
    "total_tokens": 161
  }
}
