{
  "details": {
    "best_of_sequences": null,
    "finish_reason": "length",
    "generated_tokens": 10,
    "prefill": [
      {
        "id": 2323,
        "logprob": null,
        "text": "Test"
      },
      {
        "id": 1715,
        "logprob": -12.328125,
        "text": " request"
      }
    ],
    "seed": 0,
    "tokens": [
      {
        "id": 311,
        "logprob": -0.50927734,
        "special": false,
        "text": " to"
      },
      {
        "id": 279,
        "logprob": 0.0,
        "special": false,
        "text": " the"
      },
      {
        "id": 3622,
        "logprob": 0.0,
        "special": false,
        "text": " server"
      },
      {
        "id": 627,
        "logprob": -0.5107422,
        "special": false,
        "text": ".\n"
      },
      {
        "id": 257,
        "logprob": -1.5878906,
        "special": false,
        "text": "    "
      },
      {
        "id": 1235,
        "logprob": -0.24499512,
        "special": false,
        "text": " *\n"
      },
      {
        "id": 257,
        "logprob": 0.0,
        "special": false,
        "text": "    "
      },
      {
        "id": 353,
        "logprob": 0.0,
        "special": false,
        "text": " *"
      },
      {
        "id": 571,
        "logprob": 0.0,
        "special": false,
        "text": " @"
      },
      {
        "id": 913,
        "logprob": 0.0,
        "special": false,
        "text": "param"
      }
    ],
    "top_tokens": null
  },
  "generated_text": "Test request to the server.\n     *\n     * @param"
}
