# serializer version: 1
# name: test_mt0_base
  dict({
    'details': dict({
      'best_of_sequences': None,
      'finish_reason': <FinishReason.EndOfSequenceToken: 'eos_token'>,
      'generated_tokens': 5,
      'prefill': list([
        dict({
          'id': 0,
          'logprob': None,
          'text': '<pad>',
        }),
      ]),
      'seed': 0,
      'tokens': list([
        dict({
          'id': 926,
          'logprob': -4.3554688,
          'special': False,
          'text': 'To',
        }),
        dict({
          'id': 18295,
          'logprob': -7.7734375,
          'special': False,
          'text': ' sell',
        }),
        dict({
          'id': 7868,
          'logprob': -3.9257812,
          'special': False,
          'text': ' things',
        }),
        dict({
          'id': 260,
          'logprob': -2.4179688,
          'special': False,
          'text': '.',
        }),
        dict({
          'id': 1,
          'logprob': 0.0,
          'special': True,
          'text': '</s>',
        }),
      ]),
    }),
    'generated_text': 'To sell things.',
  })
# ---
# name: test_mt0_base_all_params
  dict({
    'details': dict({
      'best_of_sequences': None,
      'finish_reason': <FinishReason.Length: 'length'>,
      'generated_tokens': 10,
      'prefill': list([
        dict({
          'id': 0,
          'logprob': None,
          'text': '<pad>',
        }),
      ]),
      'seed': 0,
      'tokens': list([
        dict({
          'id': 16017,
          'logprob': -1.3505859,
          'special': False,
          'text': 'blue',
        }),
        dict({
          'id': 20495,
          'logprob': -0.50439453,
          'special': False,
          'text': ' sky',
        }),
        dict({
          'id': 259,
          'logprob': -1.2011719,
          'special': False,
          'text': ' ',
        }),
        dict({
          'id': 15484,
          'logprob': -2.8378906,
          'special': False,
          'text': 'appear',
        }),
        dict({
          'id': 345,
          'logprob': -0.87597656,
          'special': False,
          'text': 'ed',
        }),
        dict({
          'id': 288,
          'logprob': -1.8447266,
          'special': False,
          'text': ' to',
        }),
        dict({
          'id': 35622,
          'logprob': -7.1445312,
          'special': False,
          'text': ' cloud',
        }),
        dict({
          'id': 263,
          'logprob': -1.2929688,
          'special': False,
          'text': 's',
        }),
        dict({
          'id': 14701,
          'logprob': -3.0761719,
          'special': False,
          'text': ' above',
        }),
        dict({
          'id': 751,
          'logprob': -4.4375,
          'special': False,
          'text': ' all',
        }),
      ]),
    }),
    'generated_text': 'Why is the sky blue?blue sky appeared to clouds above all',
  })
# ---
# name: test_mt0_base_load
  list([
    'Because it is blue',
    'Because it is blue',
    'Because it is blue',
    'Because it is blue',
  ])
# ---
