[
  {
    "details": {
      "best_of_sequences": null,
      "finish_reason": "eos_token",
      "generated_tokens": 2,
      "prefill": [
        {
          "id": 589,
          "logprob": null,
          "text": "def"
        },
        {
          "id": 3226,
          "logprob": -9.015625,
          "text": " ge"
        },
        {
          "id": 21017,
          "logprob": -9.0859375,
          "text": "ometric"
        },
        {
          "id": 81,
          "logprob": -0.25585938,
          "text": "_"
        },
        {
          "id": 6009,
          "logprob": -2.1894531,
          "text": "mean"
        },
        {
          "id": 26,
          "logprob": -0.29882812,
          "text": "("
        },
        {
          "id": 62,
          "logprob": -5.6210938,
          "text": "L"
        },
        {
          "id": 44,
          "logprob": -3.078125,
          "text": ":"
        },
        {
          "id": 1682,
          "logprob": -0.6699219,
          "text": " List"
        },
        {
          "id": 77,
          "logprob": -0.38232422,
          "text": "["
        },
        {
          "id": 1808,
          "logprob": -0.9379883,
          "text": "float"
        },
        {
          "id": 10794,
          "logprob": -2.5371094,
          "text": "]):"
        }
      ],
      "seed": null,
      "tokens": [
        {
          "id": 284,
          "logprob": -1.1826172,
          "special": false,
          "text": "\n   "
        },
        {
          "id": 0,
          "logprob": null,
          "special": true,
          "text": "<|endoftext|>"
        }
      ],
      "top_tokens": null
    },
    "generated_text": "\n   "
  },
  {
    "details": {
      "best_of_sequences": null,
      "finish_reason": "eos_token",
      "generated_tokens": 2,
      "prefill": [
        {
          "id": 589,
          "logprob": null,
          "text": "def"
        },
        {
          "id": 3226,
          "logprob": -9.0234375,
          "text": " ge"
        },
        {
          "id": 21017,
          "logprob": -9.09375,
          "text": "ometric"
        },
        {
          "id": 81,
          "logprob": -0.25610352,
          "text": "_"
        },
        {
          "id": 6009,
          "logprob": -2.1933594,
          "text": "mean"
        },
        {
          "id": 26,
          "logprob": -0.29907227,
          "text": "("
        },
        {
          "id": 62,
          "logprob": -5.640625,
          "text": "L"
        },
        {
          "id": 44,
          "logprob": -3.09375,
          "text": ":"
        },
        {
          "id": 1682,
          "logprob": -0.67626953,
          "text": " List"
        },
        {
          "id": 77,
          "logprob": -0.39038086,
          "text": "["
        },
        {
          "id": 1808,
          "logprob": -0.94384766,
          "text": "float"
        },
        {
          "id": 10794,
          "logprob": -2.5507812,
          "text": "]):"
        }
      ],
      "seed": null,
      "tokens": [
        {
          "id": 284,
          "logprob": -1.1865234,
          "special": false,
          "text": "\n   "
        },
        {
          "id": 0,
          "logprob": null,
          "special": true,
          "text": "<|endoftext|>"
        }
      ],
      "top_tokens": null
    },
    "generated_text": "\n   "
  },
  {
    "details": {
      "best_of_sequences": null,
      "finish_reason": "eos_token",
      "generated_tokens": 2,
      "prefill": [
        {
          "id": 589,
          "logprob": null,
          "text": "def"
        },
        {
          "id": 3226,
          "logprob": -9.015625,
          "text": " ge"
        },
        {
          "id": 21017,
          "logprob": -9.0859375,
          "text": "ometric"
        },
        {
          "id": 81,
          "logprob": -0.25561523,
          "text": "_"
        },
        {
          "id": 6009,
          "logprob": -2.1933594,
          "text": "mean"
        },
        {
          "id": 26,
          "logprob": -0.296875,
          "text": "("
        },
        {
          "id": 62,
          "logprob": -5.6367188,
          "text": "L"
        },
        {
          "id": 44,
          "logprob": -3.0800781,
          "text": ":"
        },
        {
          "id": 1682,
          "logprob": -0.6875,
          "text": " List"
        },
        {
          "id": 77,
          "logprob": -0.3840332,
          "text": "["
        },
        {
          "id": 1808,
          "logprob": -0.93847656,
          "text": "float"
        },
        {
          "id": 10794,
          "logprob": -2.5371094,
          "text": "]):"
        }
      ],
      "seed": null,
      "tokens": [
        {
          "id": 284,
          "logprob": -1.1777344,
          "special": false,
          "text": "\n   "
        },
        {
          "id": 0,
          "logprob": null,
          "special": true,
          "text": "<|endoftext|>"
        }
      ],
      "top_tokens": null
    },
    "generated_text": "\n   "
  },
  {
    "details": {
      "best_of_sequences": null,
      "finish_reason": "eos_token",
      "generated_tokens": 2,
      "prefill": [
        {
          "id": 589,
          "logprob": null,
          "text": "def"
        },
        {
          "id": 3226,
          "logprob": -9.015625,
          "text": " ge"
        },
        {
          "id": 21017,
          "logprob": -9.0859375,
          "text": "ometric"
        },
        {
          "id": 81,
          "logprob": -0.25610352,
          "text": "_"
        },
        {
          "id": 6009,
          "logprob": -2.1933594,
          "text": "mean"
        },
        {
          "id": 26,
          "logprob": -0.3010254,
          "text": "("
        },
        {
          "id": 62,
          "logprob": -5.6484375,
          "text": "L"
        },
        {
          "id": 44,
          "logprob": -3.0820312,
          "text": ":"
        },
        {
          "id": 1682,
          "logprob": -0.6801758,
          "text": " List"
        },
        {
          "id": 77,
          "logprob": -0.39257812,
          "text": "["
        },
        {
          "id": 1808,
          "logprob": -0.92626953,
          "text": "float"
        },
        {
          "id": 10794,
          "logprob": -2.5234375,
          "text": "]):"
        }
      ],
      "seed": null,
      "tokens": [
        {
          "id": 284,
          "logprob": -1.171875,
          "special": false,
          "text": "\n   "
        },
        {
          "id": 0,
          "logprob": null,
          "special": true,
          "text": "<|endoftext|>"
        }
      ],
      "top_tokens": null
    },
    "generated_text": "\n   "
  }
]
