{
  "details": {
    "best_of_sequences": null,
    "finish_reason": "eos_token",
    "generated_tokens": 2,
    "prefill": [
      {
        "id": 589,
        "logprob": null,
        "text": "def"
      },
      {
        "id": 3226,
        "logprob": -9.0234375,
        "text": " ge"
      },
      {
        "id": 21017,
        "logprob": -9.0859375,
        "text": "ometric"
      },
      {
        "id": 81,
        "logprob": -0.25585938,
        "text": "_"
      },
      {
        "id": 6009,
        "logprob": -2.1972656,
        "text": "mean"
      },
      {
        "id": 26,
        "logprob": -0.2998047,
        "text": "("
      },
      {
        "id": 62,
        "logprob": -5.6445312,
        "text": "L"
      },
      {
        "id": 44,
        "logprob": -3.0839844,
        "text": ":"
      },
      {
        "id": 1682,
        "logprob": -0.6748047,
        "text": " List"
      },
      {
        "id": 77,
        "logprob": -0.3864746,
        "text": "["
      },
      {
        "id": 1808,
        "logprob": -0.9355469,
        "text": "float"
      },
      {
        "id": 10794,
        "logprob": -2.5371094,
        "text": "]):"
      }
    ],
    "seed": null,
    "tokens": [
      {
        "id": 284,
        "logprob": -1.1679688,
        "special": false,
        "text": "\n   "
      },
      {
        "id": 0,
        "logprob": null,
        "special": true,
        "text": "<|endoftext|>"
      }
    ],
    "top_tokens": null
  },
  "generated_text": "\n   "
}
