{
  "details": {
    "best_of_sequences": null,
    "finish_reason": "length",
    "generated_tokens": 60,
    "prefill": [
      {
        "id": 589,
        "logprob": null,
        "text": "def"
      },
      {
        "id": 1459,
        "logprob": -5.6289062,
        "text": " print"
      },
      {
        "id": 81,
        "logprob": -1.6035156,
        "text": "_"
      },
      {
        "id": 7656,
        "logprob": -5.9960938,
        "text": "hello"
      }
    ],
    "seed": 0,
    "tokens": [
      {
        "id": 2262,
        "logprob": -0.042999268,
        "special": false,
        "text": "():"
      },
      {
        "id": 284,
        "logprob": 0.0,
        "special": false,
        "text": "\n   "
      },
      {
        "id": 1459,
        "logprob": 0.0,
        "special": false,
        "text": " print"
      },
      {
        "id": 440,
        "logprob": 0.0,
        "special": false,
        "text": "(\""
      },
      {
        "id": 8279,
        "logprob": 0.0,
        "special": false,
        "text": "Hello"
      },
      {
        "id": 10896,
        "logprob": -0.3659668,
        "special": false,
        "text": " World"
      },
      {
        "id": 657,
        "logprob": -0.49804688,
        "special": false,
        "text": "\")"
      },
      {
        "id": 203,
        "logprob": -0.10632324,
        "special": false,
        "text": "\n"
      },
      {
        "id": 203,
        "logprob": 0.0,
        "special": false,
        "text": "\n"
      },
      {
        "id": 589,
        "logprob": -0.20141602,
        "special": false,
        "text": "def"
      },
      {
        "id": 1459,
        "logprob": 0.0,
        "special": false,
        "text": " print"
      },
      {
        "id": 81,
        "logprob": 0.0,
        "special": false,
        "text": "_"
      },
      {
        "id": 7656,
        "logprob": 0.0,
        "special": false,
        "text": "hello"
      },
      {
        "id": 81,
        "logprob": 0.0,
        "special": false,
        "text": "_"
      },
      {
        "id": 426,
        "logprob": -0.051635742,
        "special": false,
        "text": "name"
      },
      {
        "id": 26,
        "logprob": 0.0,
        "special": false,
        "text": "("
      },
      {
        "id": 426,
        "logprob": 0.0,
        "special": false,
        "text": "name"
      },
      {
        "id": 711,
        "logprob": 0.0,
        "special": false,
        "text": "):"
      },
      {
        "id": 284,
        "logprob": 0.0,
        "special": false,
        "text": "\n   "
      },
      {
        "id": 1459,
        "logprob": 0.0,
        "special": false,
        "text": " print"
      },
      {
        "id": 26,
        "logprob": -1.9101562,
        "special": false,
        "text": "("
      },
      {
        "id": 88,
        "logprob": 0.0,
        "special": false,
        "text": "f"
      },
      {
        "id": 20,
        "logprob": 0.0,
        "special": false,
        "text": "\""
      },
      {
        "id": 8279,
        "logprob": 0.0,
        "special": false,
        "text": "Hello"
      },
      {
        "id": 301,
        "logprob": 0.0,
        "special": false,
        "text": " {"
      },
      {
        "id": 426,
        "logprob": 0.0,
        "special": false,
        "text": "name"
      },
      {
        "id": 8474,
        "logprob": 0.0,
        "special": false,
        "text": "}\")"
      },
      {
        "id": 203,
        "logprob": 0.0,
        "special": false,
        "text": "\n"
      },
      {
        "id": 203,
        "logprob": 0.0,
        "special": false,
        "text": "\n"
      },
      {
        "id": 589,
        "logprob": 0.0,
        "special": false,
        "text": "def"
      },
      {
        "id": 1459,
        "logprob": 0.0,
        "special": false,
        "text": " print"
      },
      {
        "id": 81,
        "logprob": 0.0,
        "special": false,
        "text": "_"
      },
      {
        "id": 7656,
        "logprob": 0.0,
        "special": false,
        "text": "hello"
      },
      {
        "id": 81,
        "logprob": 0.0,
        "special": false,
        "text": "_"
      },
      {
        "id": 426,
        "logprob": 0.0,
        "special": false,
        "text": "name"
      },
      {
        "id": 81,
        "logprob": 0.0,
        "special": false,
        "text": "_"
      },
      {
        "id": 381,
        "logprob": 0.0,
        "special": false,
        "text": "age"
      },
      {
        "id": 26,
        "logprob": 0.0,
        "special": false,
        "text": "("
      },
      {
        "id": 426,
        "logprob": 0.0,
        "special": false,
        "text": "name"
      },
      {
        "id": 30,
        "logprob": 0.0,
        "special": false,
        "text": ","
      },
      {
        "id": 11442,
        "logprob": 0.0,
        "special": false,
        "text": " age"
      },
      {
        "id": 711,
        "logprob": 0.0,
        "special": false,
        "text": "):"
      },
      {
        "id": 284,
        "logprob": 0.0,
        "special": false,
        "text": "\n   "
      },
      {
        "id": 1459,
        "logprob": 0.0,
        "special": false,
        "text": " print"
      },
      {
        "id": 26,
        "logprob": 0.0,
        "special": false,
        "text": "("
      },
      {
        "id": 88,
        "logprob": 0.0,
        "special": false,
        "text": "f"
      },
      {
        "id": 20,
        "logprob": 0.0,
        "special": false,
        "text": "\""
      },
      {
        "id": 8279,
        "logprob": 0.0,
        "special": false,
        "text": "Hello"
      },
      {
        "id": 301,
        "logprob": 0.0,
        "special": false,
        "text": " {"
      },
      {
        "id": 426,
        "logprob": 0.0,
        "special": false,
        "text": "name"
      },
      {
        "id": 835,
        "logprob": -0.4074707,
        "special": false,
        "text": "},"
      },
      {
        "id": 844,
        "logprob": 0.0,
        "special": false,
        "text": " you"
      },
      {
        "id": 884,
        "logprob": 0.0,
        "special": false,
        "text": " are"
      },
      {
        "id": 301,
        "logprob": 0.0,
        "special": false,
        "text": " {"
      },
      {
        "id": 381,
        "logprob": 0.0,
        "special": false,
        "text": "age"
      },
      {
        "id": 111,
        "logprob": 0.0,
        "special": false,
        "text": "}"
      },
      {
        "id": 11274,
        "logprob": 0.0,
        "special": false,
        "text": " years"
      },
      {
        "id": 3610,
        "logprob": 0.0,
        "special": false,
        "text": " old"
      },
      {
        "id": 657,
        "logprob": 0.0,
        "special": false,
        "text": "\")"
      },
      {
        "id": 203,
        "logprob": 0.0,
        "special": false,
        "text": "\n"
      }
    ]
  },
  "generated_text": "():\n    print(\"Hello World\")\n\ndef print_hello_name(name):\n    print(f\"Hello {name}\")\n\ndef print_hello_name_age(name, age):\n    print(f\"Hello {name}, you are {age} years old\")\n"
}
