{
  "details": {
    "best_of_sequences": null,
    "finish_reason": "length",
    "generated_tokens": 10,
    "prefill": [
      {
        "id": 330,
        "logprob": null,
        "text": "ir"
      },
      {
        "id": 1622,
        "logprob": -7.7421875,
        "text": "af"
      },
      {
        "id": 249,
        "logprob": -4.484375,
        "text": "at"
      },
      {
        "id": 1480,
        "logprob": -10.890625,
        "text": "ron"
      },
      {
        "id": 37,
        "logprob": -3.6757812,
        "text": ":"
      }
    ],
    "seed": 0,
    "tokens": [
      {
        "id": 836,
        "logprob": -1.2822266,
        "special": false,
        "text": " i"
      },
      {
        "id": 18,
        "logprob": -0.14953613,
        "special": false,
        "text": "'"
      },
      {
        "id": 88,
        "logprob": -0.11138916,
        "special": false,
        "text": "m"
      },
      {
        "id": 416,
        "logprob": -0.074401855,
        "special": false,
        "text": " not"
      },
      {
        "id": 830,
        "logprob": -2.2148438,
        "special": false,
        "text": " even"
      },
      {
        "id": 1310,
        "logprob": -0.19958496,
        "special": false,
        "text": " sure"
      },
      {
        "id": 637,
        "logprob": -0.19787598,
        "special": false,
        "text": " what"
      },
      {
        "id": 334,
        "logprob": -0.6386719,
        "special": false,
        "text": " it"
      },
      {
        "id": 304,
        "logprob": 0.0,
        "special": false,
        "text": " is"
      },
      {
        "id": 193,
        "logprob": 0.0,
        "special": false,
        "text": "\n"
      }
    ]
  },
  "generated_text": "Girafatron is obsessed with giraffes, the most glorious animal on the face of this Earth. Giraftron believes all other animals are irrelevant when compared to the glorious majesty of the giraffe.\nDaniel: Hello, Girafatron!\nGirafatron: i'm not even sure what it is\n"
}
