{
  "details": {
    "best_of_sequences": null,
    "finish_reason": "length",
    "generated_tokens": 10,
    "prefill": [
      {
        "id": 1,
        "logprob": null,
        "text": "<s>"
      },
      {
        "id": 3735,
        "logprob": -12.9140625,
        "text": "Test"
      },
      {
        "id": 2159,
        "logprob": -10.7578125,
        "text": "request"
      }
    ],
    "seed": 0,
    "tokens": [
      {
        "id": 28747,
        "logprob": 0.0,
        "special": false,
        "text": ":"
      },
      {
        "id": 3169,
        "logprob": -0.1307373,
        "special": false,
        "text": " Let"
      },
      {
        "id": 268,
        "logprob": -2.0234375,
        "special": false,
        "text": " s"
      },
      {
        "id": 347,
        "logprob": 0.0,
        "special": false,
        "text": " be"
      },
      {
        "id": 28705,
        "logprob": -0.44458008,
        "special": false,
        "text": " "
      },
      {
        "id": 28784,
        "logprob": -0.94189453,
        "special": false,
        "text": "6"
      },
      {
        "id": 28748,
        "logprob": 0.0,
        "special": false,
        "text": "/"
      },
      {
        "id": 6422,
        "logprob": 0.0,
        "special": false,
        "text": "(-"
      },
      {
        "id": 28783,
        "logprob": -0.2590332,
        "special": false,
        "text": "8"
      },
      {
        "id": 28731,
        "logprob": -1.0039062,
        "special": false,
        "text": ")"
      }
    ]
  },
  "generated_text": "Test request: Let s be 6/(-8)"
}
