{
  "details": {
    "best_of_sequences": null,
    "finish_reason": "eos_token",
    "generated_tokens": 30,
    "prefill": [
      {
        "id": 1,
        "logprob": null,
        "text": "<s>"
      },
      {
        "id": 5235,
        "logprob": -10.0625,
        "text": "info"
      },
      {
        "id": 29901,
        "logprob": -3.2265625,
        "text": ":"
      },
      {
        "id": 13260,
        "logprob": -10.625,
        "text": "dav"
      },
      {
        "id": 333,
        "logprob": -0.08276367,
        "text": "id"
      },
      {
        "id": 8753,
        "logprob": -7.5273438,
        "text": "hol"
      },
      {
        "id": 17559,
        "logprob": -3.8476562,
        "text": "tz"
      },
      {
        "id": 763,
        "logprob": -10.1484375,
        "text": "like"
      },
      {
        "id": 10697,
        "logprob": -10.1953125,
        "text": "trees"
      },
      {
        "id": 322,
        "logprob": -2.5683594,
        "text": "and"
      },
      {
        "id": 756,
        "logprob": -7.4882812,
        "text": "has"
      },
      {
        "id": 1023,
        "logprob": -5.0546875,
        "text": "two"
      },
      {
        "id": 274,
        "logprob": -5.3125,
        "text": "c"
      },
      {
        "id": 1446,
        "logprob": -0.6665039,
        "text": "ats"
      },
      {
        "id": 29889,
        "logprob": -1.0009766,
        "text": "."
      },
      {
        "id": 29871,
        "logprob": -4.2421875,
        "text": ""
      }
    ],
    "seed": null,
    "tokens": [
      {
        "id": 6377,
        "logprob": -0.15002441,
        "special": false,
        "text": "{\""
      },
      {
        "id": 29888,
        "logprob": -0.13549805,
        "special": false,
        "text": "f"
      },
      {
        "id": 12935,
        "logprob": -0.017562866,
        "special": false,
        "text": "irs"
      },
      {
        "id": 29873,
        "logprob": -0.0008444786,
        "special": false,
        "text": "t"
      },
      {
        "id": 1170,
        "logprob": -0.0053634644,
        "special": false,
        "text": "Name"
      },
      {
        "id": 4710,
        "logprob": -0.13537598,
        "special": false,
        "text": "\":\""
      },
      {
        "id": 19504,
        "logprob": -0.8886719,
        "special": false,
        "text": "David"
      },
      {
        "id": 3284,
        "logprob": -0.16381836,
        "special": false,
        "text": "\",\""
      },
      {
        "id": 4230,
        "logprob": -0.02017212,
        "special": false,
        "text": "last"
      },
      {
        "id": 1170,
        "logprob": -0.0013923645,
        "special": false,
        "text": "Name"
      },
      {
        "id": 4710,
        "logprob": -0.0067749023,
        "special": false,
        "text": "\":\""
      },
      {
        "id": 29950,
        "logprob": -0.11407471,
        "special": false,
        "text": "H"
      },
      {
        "id": 14339,
        "logprob": -0.0040626526,
        "special": false,
        "text": "olt"
      },
      {
        "id": 29920,
        "logprob": -0.0032863617,
        "special": false,
        "text": "z"
      },
      {
        "id": 3284,
        "logprob": -0.20507812,
        "special": false,
        "text": "\",\""
      },
      {
        "id": 29882,
        "logprob": -0.0068740845,
        "special": false,
        "text": "h"
      },
      {
        "id": 20838,
        "logprob": -0.19714355,
        "special": false,
        "text": "obb"
      },
      {
        "id": 29891,
        "logprob": -2.2649765e-06,
        "special": false,
        "text": "y"
      },
      {
        "id": 4710,
        "logprob": -0.31860352,
        "special": false,
        "text": "\":\""
      },
      {
        "id": 29911,
        "logprob": -2.09375,
        "special": false,
        "text": "T"
      },
      {
        "id": 11003,
        "logprob": -0.02053833,
        "special": false,
        "text": "rees"
      },
      {
        "id": 3284,
        "logprob": -0.59814453,
        "special": false,
        "text": "\",\""
      },
      {
        "id": 29876,
        "logprob": -0.5732422,
        "special": false,
        "text": "n"
      },
      {
        "id": 398,
        "logprob": -0.006198883,
        "special": false,
        "text": "um"
      },
      {
        "id": 29907,
        "logprob": -0.45703125,
        "special": false,
        "text": "C"
      },
      {
        "id": 1446,
        "logprob": -0.0002872944,
        "special": false,
        "text": "ats"
      },
      {
        "id": 1115,
        "logprob": -0.002117157,
        "special": false,
        "text": "\":"
      },
      {
        "id": 29906,
        "logprob": -0.089416504,
        "special": false,
        "text": "2"
      },
      {
        "id": 29913,
        "logprob": -0.021835327,
        "special": false,
        "text": "}"
      },
      {
        "id": 2,
        "logprob": 0.0,
        "special": true,
        "text": "</s>"
      }
    ],
    "top_tokens": null
  },
  "generated_text": "{\"firstName\":\"David\",\"lastName\":\"Holtz\",\"hobby\":\"Trees\",\"numCats\":2}"
}
