{
  "details": {
    "best_of_sequences": null,
    "finish_reason": "length",
    "generated_tokens": 10,
    "prefill": [
      {
        "id": 1,
        "logprob": null,
        "text": "<s>"
      },
      {
        "id": 338,
        "logprob": -9.0859375,
        "text": "is"
      },
      {
        "id": 21784,
        "logprob": -10.90625,
        "text": "Deep"
      },
      {
        "id": 29257,
        "logprob": -2.65625,
        "text": "Learning"
      },
      {
        "id": 29973,
        "logprob": -4.8085938,
        "text": "?"
      }
    ],
    "seed": 0,
    "tokens": [
      {
        "id": 13,
        "logprob": -0.19958496,
        "special": false,
        "text": "\n"
      },
      {
        "id": 1576,
        "logprob": -1.2138672,
        "special": false,
        "text": "The"
      },
      {
        "id": 3611,
        "logprob": -0.9482422,
        "special": false,
        "text": " title"
      },
      {
        "id": 310,
        "logprob": 0.0,
        "special": false,
        "text": " of"
      },
      {
        "id": 445,
        "logprob": -0.140625,
        "special": false,
        "text": " this"
      },
      {
        "id": 1400,
        "logprob": -0.2286377,
        "special": false,
        "text": " post"
      },
      {
        "id": 1795,
        "logprob": -0.5253906,
        "special": false,
        "text": " might"
      },
      {
        "id": 505,
        "logprob": -0.30444336,
        "special": false,
        "text": " have"
      },
      {
        "id": 366,
        "logprob": 0.0,
        "special": false,
        "text": " you"
      },
      {
        "id": 7291,
        "logprob": -0.68652344,
        "special": false,
        "text": " thinking"
      }
    ]
  },
  "generated_text": "What is Deep Learning?\nThe title of this post might have you thinking"
}
