{
  "details": {
    "best_of_sequences": null,
    "finish_reason": "length",
    "generated_tokens": 10,
    "prefill": [
      {
        "id": 1,
        "logprob": null,
        "text": "<s>"
      },
      {
        "id": 4321,
        "logprob": -8.6875,
        "text": "Test"
      },
      {
        "id": 2009,
        "logprob": -11.546875,
        "text": "request"
      }
    ],
    "seed": 0,
    "tokens": [
      {
        "id": 5229,
        "logprob": -2.5839844,
        "special": false,
        "text": " failed"
      },
      {
        "id": 363,
        "logprob": -1.1064453,
        "special": false,
        "text": " for"
      },
      {
        "id": 278,
        "logprob": -0.7709961,
        "special": false,
        "text": " the"
      },
      {
        "id": 1494,
        "logprob": -0.13464355,
        "special": false,
        "text": " following"
      },
      {
        "id": 9590,
        "logprob": -0.1986084,
        "special": false,
        "text": " reasons"
      },
      {
        "id": 29901,
        "logprob": 0.0,
        "special": false,
        "text": ":"
      },
      {
        "id": 13,
        "logprob": 0.0,
        "special": false,
        "text": "\n"
      },
      {
        "id": 1576,
        "logprob": -0.6166992,
        "special": false,
        "text": "The"
      },
      {
        "id": 13877,
        "logprob": -0.91845703,
        "special": false,
        "text": " requested"
      },
      {
        "id": 3988,
        "logprob": -0.7680664,
        "special": false,
        "text": " URL"
      }
    ]
  },
  "generated_text": "Test request failed for the following reasons:\nThe requested URL"
}
