[
  {
    "details": {
      "best_of_sequences": null,
      "finish_reason": "length",
      "generated_tokens": 10,
      "prefill": [
        {
          "id": 1,
          "logprob": null,
          "text": "<s>"
        },
        {
          "id": 1724,
          "logprob": -10.734375,
          "text": "What"
        },
        {
          "id": 338,
          "logprob": -1.5498047,
          "text": "is"
        },
        {
          "id": 21784,
          "logprob": -9.2890625,
          "text": "Deep"
        },
        {
          "id": 29257,
          "logprob": -1.2734375,
          "text": "Learning"
        },
        {
          "id": 29973,
          "logprob": -0.48217773,
          "text": "?"
        }
      ],
      "seed": null,
      "tokens": [
        {
          "id": 13,
          "logprob": -1.1875,
          "special": false,
          "text": "\n"
        },
        {
          "id": 2772,
          "logprob": -0.5708008,
          "special": false,
          "text": "De"
        },
        {
          "id": 1022,
          "logprob": -0.00010931492,
          "special": false,
          "text": "ep"
        },
        {
          "id": 6509,
          "logprob": -0.1239624,
          "special": false,
          "text": " learning"
        },
        {
          "id": 338,
          "logprob": -0.044433594,
          "special": false,
          "text": " is"
        },
        {
          "id": 263,
          "logprob": -0.018310547,
          "special": false,
          "text": " a"
        },
        {
          "id": 11306,
          "logprob": -0.46044922,
          "special": false,
          "text": " subset"
        },
        {
          "id": 310,
          "logprob": -0.0002104044,
          "special": false,
          "text": " of"
        },
        {
          "id": 4933,
          "logprob": -0.004711151,
          "special": false,
          "text": " machine"
        },
        {
          "id": 6509,
          "logprob": -0.00025820732,
          "special": false,
          "text": " learning"
        },
        {
          "id": 393,
          "logprob": -0.09185791,
          "special": false,
          "text": " that"
        },
        {
          "id": 20789,
          "logprob": -0.4951172,
          "special": false,
          "text": " involves"
        }
      ]
    },
    "generated_text": "\nDeep learning is a subset of machine learning that involves"
  },
  {
    "details": {
      "best_of_sequences": null,
      "finish_reason": "length",
      "generated_tokens": 10,
      "prefill": [
        {
          "id": 1,
          "logprob": null,
          "text": "<s>"
        },
        {
          "id": 1724,
          "logprob": -10.7421875,
          "text": "What"
        },
        {
          "id": 338,
          "logprob": -1.5498047,
          "text": "is"
        },
        {
          "id": 21784,
          "logprob": -9.2890625,
          "text": "Deep"
        },
        {
          "id": 29257,
          "logprob": -1.2724609,
          "text": "Learning"
        },
        {
          "id": 29973,
          "logprob": -0.47729492,
          "text": "?"
        }
      ],
      "seed": null,
      "tokens": [
        {
          "id": 13,
          "logprob": -1.1835938,
          "special": false,
          "text": "\n"
        },
        {
          "id": 2772,
          "logprob": -0.57470703,
          "special": false,
          "text": "De"
        },
        {
          "id": 1022,
          "logprob": -0.00010788441,
          "special": false,
          "text": "ep"
        },
        {
          "id": 6509,
          "logprob": -0.1239624,
          "special": false,
          "text": " learning"
        },
        {
          "id": 338,
          "logprob": -0.04510498,
          "special": false,
          "text": " is"
        },
        {
          "id": 263,
          "logprob": -0.018585205,
          "special": false,
          "text": " a"
        },
        {
          "id": 11306,
          "logprob": -0.45922852,
          "special": false,
          "text": " subset"
        },
        {
          "id": 310,
          "logprob": -0.00021457672,
          "special": false,
          "text": " of"
        },
        {
          "id": 4933,
          "logprob": -0.004776001,
          "special": false,
          "text": " machine"
        },
        {
          "id": 6509,
          "logprob": -0.0002593994,
          "special": false,
          "text": " learning"
        },
        {
          "id": 393,
          "logprob": -0.091918945,
          "special": false,
          "text": " that"
        },
        {
          "id": 20789,
          "logprob": -0.50097656,
          "special": false,
          "text": " involves"
        }
      ]
    },
    "generated_text": "\nDeep learning is a subset of machine learning that involves"
  },
  {
    "details": {
      "best_of_sequences": null,
      "finish_reason": "length",
      "generated_tokens": 10,
      "prefill": [
        {
          "id": 1,
          "logprob": null,
          "text": "<s>"
        },
        {
          "id": 1724,
          "logprob": -10.7421875,
          "text": "What"
        },
        {
          "id": 338,
          "logprob": -1.5498047,
          "text": "is"
        },
        {
          "id": 21784,
          "logprob": -9.2890625,
          "text": "Deep"
        },
        {
          "id": 29257,
          "logprob": -1.2724609,
          "text": "Learning"
        },
        {
          "id": 29973,
          "logprob": -0.47729492,
          "text": "?"
        }
      ],
      "seed": null,
      "tokens": [
        {
          "id": 13,
          "logprob": -1.1835938,
          "special": false,
          "text": "\n"
        },
        {
          "id": 2772,
          "logprob": -0.57470703,
          "special": false,
          "text": "De"
        },
        {
          "id": 1022,
          "logprob": -0.00010788441,
          "special": false,
          "text": "ep"
        },
        {
          "id": 6509,
          "logprob": -0.1239624,
          "special": false,
          "text": " learning"
        },
        {
          "id": 338,
          "logprob": -0.04510498,
          "special": false,
          "text": " is"
        },
        {
          "id": 263,
          "logprob": -0.018585205,
          "special": false,
          "text": " a"
        },
        {
          "id": 11306,
          "logprob": -0.45922852,
          "special": false,
          "text": " subset"
        },
        {
          "id": 310,
          "logprob": -0.00021457672,
          "special": false,
          "text": " of"
        },
        {
          "id": 4933,
          "logprob": -0.004776001,
          "special": false,
          "text": " machine"
        },
        {
          "id": 6509,
          "logprob": -0.0002593994,
          "special": false,
          "text": " learning"
        },
        {
          "id": 393,
          "logprob": -0.091918945,
          "special": false,
          "text": " that"
        },
        {
          "id": 20789,
          "logprob": -0.50097656,
          "special": false,
          "text": " involves"
        }
      ]
    },
    "generated_text": "\nDeep learning is a subset of machine learning that involves"
  },
  {
    "details": {
      "best_of_sequences": null,
      "finish_reason": "length",
      "generated_tokens": 10,
      "prefill": [
        {
          "id": 1,
          "logprob": null,
          "text": "<s>"
        },
        {
          "id": 1724,
          "logprob": -10.7421875,
          "text": "What"
        },
        {
          "id": 338,
          "logprob": -1.5498047,
          "text": "is"
        },
        {
          "id": 21784,
          "logprob": -9.2890625,
          "text": "Deep"
        },
        {
          "id": 29257,
          "logprob": -1.2724609,
          "text": "Learning"
        },
        {
          "id": 29973,
          "logprob": -0.47729492,
          "text": "?"
        }
      ],
      "seed": null,
      "tokens": [
        {
          "id": 13,
          "logprob": -1.1835938,
          "special": false,
          "text": "\n"
        },
        {
          "id": 2772,
          "logprob": -0.57470703,
          "special": false,
          "text": "De"
        },
        {
          "id": 1022,
          "logprob": -0.00010788441,
          "special": false,
          "text": "ep"
        },
        {
          "id": 6509,
          "logprob": -0.1239624,
          "special": false,
          "text": " learning"
        },
        {
          "id": 338,
          "logprob": -0.04510498,
          "special": false,
          "text": " is"
        },
        {
          "id": 263,
          "logprob": -0.018585205,
          "special": false,
          "text": " a"
        },
        {
          "id": 11306,
          "logprob": -0.45922852,
          "special": false,
          "text": " subset"
        },
        {
          "id": 310,
          "logprob": -0.00021457672,
          "special": false,
          "text": " of"
        },
        {
          "id": 4933,
          "logprob": -0.004776001,
          "special": false,
          "text": " machine"
        },
        {
          "id": 6509,
          "logprob": -0.0002593994,
          "special": false,
          "text": " learning"
        },
        {
          "id": 393,
          "logprob": -0.091918945,
          "special": false,
          "text": " that"
        },
        {
          "id": 20789,
          "logprob": -0.50097656,
          "special": false,
          "text": " involves"
        }
      ]
    },
    "generated_text": "\nDeep learning is a subset of machine learning that involves"
  }
]
