{
  "choices": [
    {
      "finish_reason": "length",
      "index": 0,
      "logprobs": null,
      "message": {
        "content": "I'm an AI unable to provide real-time data, but I can guide you on how to find current weather conditions in Brooklyn, New York. You can check websites like weather.com or accuweather.com, or use apps like The Weather Channel or AccuWeather on your smartphone. Alternatively, you can ask your voice assistant like Google Assistant or Siri for real-time updates.\n\nFor your information, I hope you'll have a",
        "name": null,
        "role": "assistant",
        "tool_calls": null
      },
      "usage": null
    }
  ],
  "created": 1725383029,
  "id": "",
  "model": "microsoft/Phi-3.5-MoE-instruct",
  "object": "chat.completion",
  "system_fingerprint": "2.2.1-dev0-native",
  "usage": {
    "completion_tokens": 100,
    "prompt_tokens": 31,
    "total_tokens": 131
  }
}
