{
  "choices": [
    {
      "finish_reason": "stop",
      "index": 0,
      "logprobs": null,
      "message": {
        "content": "The image shows a rabbit with a is on floating in outer a a in outer and seems a as an in the be an astronaut suit a a a have crew the front ag a suit the chalet",
        "name": null,
        "role": "assistant",
        "tool_calls": null
      },
      "usage": null
    }
  ],
  "created": 1730084696,
  "id": "",
  "model": "Qwen/Qwen2-VL-7B-Instruct",
  "object": "chat.completion",
  "system_fingerprint": "2.3.2-dev0-native",
  "usage": {
    "completion_tokens": 41,
    "prompt_tokens": 349,
    "total_tokens": 390
  }
}
