{
  "choices": [
    {
      "delta": {
        "content": " prompt",
        "role": "assistant",
        "tool_calls": null
      },
      "finish_reason": null,
      "index": 0,
      "logprobs": null
    }
  ],
  "created": 1728494305,
  "id": "",
  "model": "meta-llama/Llama-3.1-8B-Instruct",
  "object": "chat.completion.chunk",
  "system_fingerprint": "2.3.2-dev0-native",
  "usage": null
}
