{
  "choices": [
    {
      "finish_reason": "eos_token",
      "index": 0,
      "logprobs": null,
      "message": {
        "content": null,
        "name": null,
        "role": "assistant",
        "tool_calls": [
          {
            "function": {
              "arguments": {
                "error": "One of the parameters (e.g. 'number_of_days') is not valid or is too few.",
                "name": "notify_error"
              },
              "description": null,
              "name": "default_function_name"
            },
            "id": 0,
            "type": "function"
          }
        ]
      },
      "usage": null
    }
  ],
  "created": 1712788322,
  "id": "",
  "model": "TinyLlama/TinyLlama-1.1B-Chat-v1.0",
  "object": "text_completion",
  "system_fingerprint": "1.4.5-native",
  "usage": {
    "completion_tokens": 60,
    "prompt_tokens": 535,
    "total_tokens": 595
  }
}
