{
  "choices": [
    {
      "finish_reason": "eos_token",
      "index": 0,
      "logprobs": null,
      "message": {
        "content": null,
        "name": null,
        "role": "assistant",
        "tool_calls": {
          "function": {
            "description": null,
            "name": "tools",
            "parameters": {
              "format": "celsius",
              "location": "San Francisco",
              "num_days": 2
            }
          },
          "id": 0,
          "type": "function"
        }
      },
      "usage": null
    }
  ],
  "created": 1708957016,
  "id": "",
  "model": "TinyLlama/TinyLlama-1.1B-Chat-v1.0",
  "object": "text_completion",
  "system_fingerprint": "1.4.2-native",
  "usage": {
    "completion_tokens": 36,
    "prompt_tokens": 313,
    "total_tokens": 349
  }
}
