[
  {
    "details": {
      "best_of_sequences": null,
      "finish_reason": "length",
      "generated_tokens": 10,
      "prefill": [
        {
          "id": 1,
          "logprob": null,
          "text": "<s>"
        },
        {
          "id": 20628,
          "logprob": -10.4296875,
          "text": "Today"
        },
        {
          "id": 306,
          "logprob": -2.4179688,
          "text": "I"
        },
        {
          "id": 626,
          "logprob": -1.8876953,
          "text": "am"
        },
        {
          "id": 297,
          "logprob": -4.484375,
          "text": "in"
        },
        {
          "id": 3444,
          "logprob": -7.0820312,
          "text": "France"
        }
      ],
      "seed": null,
      "tokens": [
        {
          "id": 29892,
          "logprob": -1.2958984,
          "special": false,
          "text": ","
        },
        {
          "id": 297,
          "logprob": -1.9423828,
          "special": false,
          "text": " in"
        },
        {
          "id": 278,
          "logprob": -0.7475586,
          "special": false,
          "text": " the"
        },
        {
          "id": 7062,
          "logprob": -2.9101562,
          "special": false,
          "text": " south"
        },
        {
          "id": 310,
          "logprob": -1.0380859,
          "special": false,
          "text": " of"
        },
        {
          "id": 278,
          "logprob": -0.5761719,
          "special": false,
          "text": " the"
        },
        {
          "id": 4234,
          "logprob": -0.30297852,
          "special": false,
          "text": " country"
        },
        {
          "id": 29892,
          "logprob": -0.6933594,
          "special": false,
          "text": ","
        },
        {
          "id": 297,
          "logprob": -1.0966797,
          "special": false,
          "text": " in"
        },
        {
          "id": 278,
          "logprob": -0.51708984,
          "special": false,
          "text": " the"
        }
      ]
    },
    "generated_text": ", in the south of the country, in the"
  },
  {
    "details": {
      "best_of_sequences": null,
      "finish_reason": "length",
      "generated_tokens": 10,
      "prefill": [
        {
          "id": 1,
          "logprob": null,
          "text": "<s>"
        },
        {
          "id": 20628,
          "logprob": -10.53125,
          "text": "Today"
        },
        {
          "id": 306,
          "logprob": -2.4609375,
          "text": "I"
        },
        {
          "id": 626,
          "logprob": -1.8857422,
          "text": "am"
        },
        {
          "id": 297,
          "logprob": -4.484375,
          "text": "in"
        },
        {
          "id": 3444,
          "logprob": -7.1015625,
          "text": "France"
        }
      ],
      "seed": null,
      "tokens": [
        {
          "id": 29892,
          "logprob": -1.2910156,
          "special": false,
          "text": ","
        },
        {
          "id": 297,
          "logprob": -1.9375,
          "special": false,
          "text": " in"
        },
        {
          "id": 278,
          "logprob": -0.7416992,
          "special": false,
          "text": " the"
        },
        {
          "id": 7062,
          "logprob": -2.90625,
          "special": false,
          "text": " south"
        },
        {
          "id": 310,
          "logprob": -1.0439453,
          "special": false,
          "text": " of"
        },
        {
          "id": 278,
          "logprob": -0.5654297,
          "special": false,
          "text": " the"
        },
        {
          "id": 4234,
          "logprob": -0.3125,
          "special": false,
          "text": " country"
        },
        {
          "id": 29892,
          "logprob": -0.69384766,
          "special": false,
          "text": ","
        },
        {
          "id": 297,
          "logprob": -1.0976562,
          "special": false,
          "text": " in"
        },
        {
          "id": 278,
          "logprob": -0.51416016,
          "special": false,
          "text": " the"
        }
      ]
    },
    "generated_text": ", in the south of the country, in the"
  },
  {
    "details": {
      "best_of_sequences": null,
      "finish_reason": "length",
      "generated_tokens": 10,
      "prefill": [
        {
          "id": 1,
          "logprob": null,
          "text": "<s>"
        },
        {
          "id": 20628,
          "logprob": -10.53125,
          "text": "Today"
        },
        {
          "id": 306,
          "logprob": -2.4609375,
          "text": "I"
        },
        {
          "id": 626,
          "logprob": -1.8857422,
          "text": "am"
        },
        {
          "id": 297,
          "logprob": -4.484375,
          "text": "in"
        },
        {
          "id": 3444,
          "logprob": -7.1015625,
          "text": "France"
        }
      ],
      "seed": null,
      "tokens": [
        {
          "id": 29892,
          "logprob": -1.2910156,
          "special": false,
          "text": ","
        },
        {
          "id": 297,
          "logprob": -1.9384766,
          "special": false,
          "text": " in"
        },
        {
          "id": 278,
          "logprob": -0.7426758,
          "special": false,
          "text": " the"
        },
        {
          "id": 7062,
          "logprob": -2.9042969,
          "special": false,
          "text": " south"
        },
        {
          "id": 310,
          "logprob": -1.0439453,
          "special": false,
          "text": " of"
        },
        {
          "id": 278,
          "logprob": -0.56103516,
          "special": false,
          "text": " the"
        },
        {
          "id": 4234,
          "logprob": -0.31323242,
          "special": false,
          "text": " country"
        },
        {
          "id": 29892,
          "logprob": -0.6982422,
          "special": false,
          "text": ","
        },
        {
          "id": 297,
          "logprob": -1.0976562,
          "special": false,
          "text": " in"
        },
        {
          "id": 278,
          "logprob": -0.52001953,
          "special": false,
          "text": " the"
        }
      ]
    },
    "generated_text": ", in the south of the country, in the"
  },
  {
    "details": {
      "best_of_sequences": null,
      "finish_reason": "length",
      "generated_tokens": 10,
      "prefill": [
        {
          "id": 1,
          "logprob": null,
          "text": "<s>"
        },
        {
          "id": 20628,
          "logprob": -10.53125,
          "text": "Today"
        },
        {
          "id": 306,
          "logprob": -2.4609375,
          "text": "I"
        },
        {
          "id": 626,
          "logprob": -1.8857422,
          "text": "am"
        },
        {
          "id": 297,
          "logprob": -4.484375,
          "text": "in"
        },
        {
          "id": 3444,
          "logprob": -7.1015625,
          "text": "France"
        }
      ],
      "seed": null,
      "tokens": [
        {
          "id": 29892,
          "logprob": -1.2910156,
          "special": false,
          "text": ","
        },
        {
          "id": 297,
          "logprob": -1.9394531,
          "special": false,
          "text": " in"
        },
        {
          "id": 278,
          "logprob": -0.74121094,
          "special": false,
          "text": " the"
        },
        {
          "id": 7062,
          "logprob": -2.90625,
          "special": false,
          "text": " south"
        },
        {
          "id": 310,
          "logprob": -1.0439453,
          "special": false,
          "text": " of"
        },
        {
          "id": 278,
          "logprob": -0.56591797,
          "special": false,
          "text": " the"
        },
        {
          "id": 4234,
          "logprob": -0.31713867,
          "special": false,
          "text": " country"
        },
        {
          "id": 29892,
          "logprob": -0.69140625,
          "special": false,
          "text": ","
        },
        {
          "id": 297,
          "logprob": -1.0957031,
          "special": false,
          "text": " in"
        },
        {
          "id": 278,
          "logprob": -0.52001953,
          "special": false,
          "text": " the"
        }
      ]
    },
    "generated_text": ", in the south of the country, in the"
  }
]
