{
  "details": {
    "best_of_sequences": null,
    "finish_reason": "length",
    "generated_tokens": 10,
    "prefill": [
      {
        "id": 1,
        "logprob": null,
        "text": "<s>"
      },
      {
        "id": 20628,
        "logprob": -10.4296875,
        "text": "Today"
      },
      {
        "id": 306,
        "logprob": -2.4140625,
        "text": "I"
      },
      {
        "id": 626,
        "logprob": -1.8818359,
        "text": "am"
      },
      {
        "id": 297,
        "logprob": -4.4804688,
        "text": "in"
      },
      {
        "id": 3444,
        "logprob": -7.0820312,
        "text": "France"
      }
    ],
    "seed": null,
    "tokens": [
      {
        "id": 29892,
        "logprob": -1.2949219,
        "special": false,
        "text": ","
      },
      {
        "id": 297,
        "logprob": -1.9414062,
        "special": false,
        "text": " in"
      },
      {
        "id": 278,
        "logprob": -0.75390625,
        "special": false,
        "text": " the"
      },
      {
        "id": 7062,
        "logprob": -2.9101562,
        "special": false,
        "text": " south"
      },
      {
        "id": 310,
        "logprob": -1.0263672,
        "special": false,
        "text": " of"
      },
      {
        "id": 278,
        "logprob": -0.5751953,
        "special": false,
        "text": " the"
      },
      {
        "id": 4234,
        "logprob": -0.30273438,
        "special": false,
        "text": " country"
      },
      {
        "id": 29892,
        "logprob": -0.69091797,
        "special": false,
        "text": ","
      },
      {
        "id": 297,
        "logprob": -1.1015625,
        "special": false,
        "text": " in"
      },
      {
        "id": 278,
        "logprob": -0.5175781,
        "special": false,
        "text": " the"
      }
    ]
  },
  "generated_text": ", in the south of the country, in the"
}
